1.3550762154,103.7767927011,101,2016-12-11T09:46:02.999334Z
1.3622577247,103.7773039219,61,2016-12-11T10:04:49.999506Z
1.361647004,103.7743198993,95,2016-12-11T10:05:50.999506Z
1.3622592311,103.7772868532,61,2016-12-11T10:07:34.998461Z
1.3602613766,103.7750688639,71,2016-12-11T10:17:49.000024Z
1.3602577727,103.7746870187,196,2016-12-11T10:19:00.000024Z
1.3587739603,103.7751244318,74,2016-12-11T10:22:16.99972Z
1.3562792172,103.7742665214,124,2016-12-11T10:36:04.000335Z
1.3551254449,103.7740407849,128,2016-12-11T10:50:13.998745Z
